{
  "user_name": "oleveloper",
  "passward": "test"
}