{
  "user_name": "oleveloper",
  "password": "test"
}